// Jest Snapshot v1, https://goo.gl/fbAQLP

exports[`Prettifier accepts config 1`] = `
"function abc() {
  let x = 2,
    y = 10;
  if (true) {
  }
  return 2, 10;
}
"
`;

exports[`Prettifier doesn't prettify when prettify is equal to false 1`] = `
"function abc() { var x = 2, y = 10;
  if (true) {}
  return (


    2,
    10
  )
}
"
`;

exports[`Prettifier matches snapshot 1`] = `
"function abc() {
  let x = 2,
    y = 10;
  if (true) {
  }
  return 2, 10;
}
"
`;
