// Jest Snapshot v1, https://goo.gl/fbAQLP

exports[`#index example-file 1 matches snapshot 1`] = `
"export function contains(str1, str2) {
  return str1 && str1.indexOf(str2) !== -1;
}

// Valid tests: 100.00%

describe('contains', () => {
  test('example 1', () => {
    expect(contains('foo', 'fooo')).toBe(false);
  });

  test('example 2', () => {
    expect(contains('hey', 'ey')).toBe(true);
  });
});
"
`;

exports[`#index jest passes 1`] = `
"export function contains(str1, str2) {
  return str1 && str1.indexOf(str2) !== -1;
}

// Valid tests: 100.00%

describe('contains', () => {
  test('example 1', () => {
    expect(contains('foo', 'fooo')).toBe(false);
  });

  test('example 2', () => {
    expect(contains('hey', 'ey')).toBe(true);
  });
});
"
`;
